<html>
<body>
<pre>
<h1>µVision Build Log</h1>
<h2>Tool Versions:</h2>
IDE-Version: µVision V5.26.2.0
Copyright (C) 2018 ARM Ltd and ARM Germany GmbH. All rights reserved.
License Information: Sinout Shenouda, AUC, LIC=----
 
Tool Versions:
Toolchain:       MDK-Lite  Version: 5.26.2.0
Toolchain Path:  C:\Keil_v5\ARM\ARMCC\Bin
C Compiler:      Armcc.exe V5.06 update 6 (build 750)
Assembler:       Armasm.exe V5.06 update 6 (build 750)
Linker/Locator:  ArmLink.exe V5.06 update 6 (build 750)
Library Manager: ArmAr.exe V5.06 update 6 (build 750)
Hex Converter:   FromElf.exe V5.06 update 6 (build 750)
CPU DLL:         SARMCM3.DLL V5.26.2.0
Dialog DLL:      DCM.DLL V1.17.2.0
Target DLL:      STLink\ST-LINKIII-KEIL_SWO.dll V3.0.5.0
Dialog DLL:      TCM.DLL V1.36.1.0
 
<h2>Project:</h2>
C:\Users\akramaziz\Desktop\Demo1\MDK-ARM\Demo1.uvprojx
Project File Date:  11/29/2022

<h2>Output:</h2>
*** Using Compiler 'V5.06 update 6 (build 750)', folder: 'C:\Keil_v5\ARM\ARMCC\Bin'
Build target 'Demo1'
compiling main.c...
../Src/main.c(139): warning:  #188-D: enumerated type mixed with another type
  		  HAL_GPIO_WritePin(GPIOB, GPIO_PIN_3, 0);
../Src/main.c(142): warning:  #188-D: enumerated type mixed with another type
  		  HAL_GPIO_WritePin(GPIOB, GPIO_PIN_3, 1);
../Src/main.c(150): warning:  #188-D: enumerated type mixed with another type
  		HAL_GPIO_WritePin(GPIOB,GPIO_PIN_3,0);
../Src/main.c(162): warning:  #188-D: enumerated type mixed with another type
  		  HAL_GPIO_WritePin(GPIOB, GPIO_PIN_6, 0);
../Src/main.c(165): warning:  #188-D: enumerated type mixed with another type
  		  HAL_GPIO_WritePin(GPIOB, GPIO_PIN_6, 1);
../Src/main.c(173): warning:  #188-D: enumerated type mixed with another type
  		HAL_GPIO_WritePin(GPIOB,GPIO_PIN_6,0);
../Src/main.c(184): warning:  #188-D: enumerated type mixed with another type
  		  HAL_GPIO_WritePin(GPIOA, GPIO_PIN_10, 0);
../Src/main.c(187): warning:  #188-D: enumerated type mixed with another type
  		  HAL_GPIO_WritePin(GPIOA, GPIO_PIN_10, 1);
../Src/main.c(195): warning:  #188-D: enumerated type mixed with another type
  		HAL_GPIO_WritePin(GPIOA,GPIO_PIN_10,0);
../Src/main.c(207): warning:  #188-D: enumerated type mixed with another type
  		  HAL_GPIO_WritePin(GPIOA, GPIO_PIN_11, 0);
../Src/main.c(210): warning:  #188-D: enumerated type mixed with another type
  		  HAL_GPIO_WritePin(GPIOA, GPIO_PIN_11, 1);
../Src/main.c(218): warning:  #188-D: enumerated type mixed with another type
  		HAL_GPIO_WritePin(GPIOA,GPIO_PIN_11,0);
../Src/main.c: 12 warnings, 0 errors
linking...
Program Size: Code=8836 RO-data=500 RW-data=12 ZI-data=1348  
FromELF: creating hex file...
"Demo1\Demo1.axf" - 0 Error(s), 12 Warning(s).

<h2>Software Packages used:</h2>

Package Vendor: ARM
                http://www.keil.com/pack/ARM.CMSIS.5.4.0.pack
                ARM.CMSIS.5.4.0
                CMSIS (Cortex Microcontroller Software Interface Standard)
   * Component: CORE Version: 5.1.2

Package Vendor: Keil
                http://www.keil.com/pack/Keil.STM32L4xx_DFP.2.6.1.pack
                Keil.STM32L4xx_DFP.2.6.1
                STMicroelectronics STM32L4 Series Device Support, Drivers and Examples

<h2>Collection of Component include folders:</h2>
  .\RTE\_Demo1
  C:\Keil_v5\ARM\PACK\ARM\CMSIS\5.4.0\CMSIS\Core\Include
  C:\Keil_v5\ARM\PACK\Keil\STM32L4xx_DFP\2.6.1\Drivers\CMSIS\Device\ST\STM32L4xx\Include

<h2>Collection of Component Files used:</h2>

   * Component: ARM::CMSIS:CORE:5.1.2
Build Time Elapsed:  00:00:02
</pre>
</body>
</html>
